задание: 2.2.2
проект: 221-command-time
устройство: 2e8a:000a
серийный номер: E66118C4E35B702B
порт: COM3
начало: 2026-10-03T23:10:02
   0.000 --> uptime
   0.000 <-- uptime
   0.001 <-- dbg read_line:123 got uptime
   0.001 <-- uptime: 112961 ms
   0.414 --> boot_info
   0.414 <-- boot_info
   0.415 <-- dbg read_line:123 got boot_info
   0.415 <-- vector table   0x10000100
   0.415 <-- stack top    0x20042000
   0.415 <-- reset        0x100001f7
   0.416 <-- reset (even) 0x100001f6
   0.416 <-- gpio in        0xd0000004
   0.416 <-- led bit      0
   0.416 <-- gpio_get     0
   0.821 --> uptime
   0.821 <-- uptime
   0.822 <-- dbg read_line:123 got uptime
   0.822 <-- uptime: 113781 ms
   1.231 --> boot_info
   1.231 <-- boot_info
   1.232 <-- dbg read_line:123 got boot_info
   1.232 <-- vector table   0x10000100
   1.232 <-- stack top    0x20042000
   1.233 <-- reset        0x100001f7
   1.233 <-- reset (even) 0x100001f6
   1.233 <-- gpio in        0xd0000004
   1.233 <-- led bit      0
   1.233 <-- gpio_get     0
   1.639 --> uptime
   1.639 <-- uptime
   1.640 <-- dbg read_line:123 got uptime
   1.640 <-- uptime: 114599 ms
   2.048 --> boot_info
   2.048 <-- boot_info
   2.049 <-- dbg read_line:123 got boot_info
   2.049 <-- vector table   0x10000100
   2.049 <-- stack top    0x20042000
   2.050 <-- reset        0x100001f7
   2.050 <-- reset (even) 0x100001f6
   2.050 <-- gpio in        0xd0000004
   2.050 <-- led bit      0
   2.050 <-- gpio_get     0
   2.453 --> uptime
   2.453 <-- uptime
   2.454 <-- dbg read_line:123 got uptime
   2.454 <-- uptime: 115413 ms
   2.859 --> boot_info
   2.859 <-- boot_info
   2.860 <-- dbg read_line:123 got boot_info
   2.860 <-- vector table   0x10000100
   2.860 <-- stack top    0x20042000
   2.860 <-- reset        0x100001f7
   2.860 <-- reset (even) 0x100001f6
   2.861 <-- gpio in        0xd0000004
   2.861 <-- led bit      1
   2.861 <-- gpio_get     1
итог: отправлено команд 8, принято строк 48
