задание: 2.1.3
проект: 211-command-usb
устройство: 2e8a:000a
серийный номер: E66118C4E35B702B
порт: COM3
начало: 2026-10-02T00:51:13
   0.000 --> mem_info
   0.000 <-- mem_info
   0.001 <-- dbg read_line:110 got mem_info
   0.001 <-- area       start      end            size
   0.002 <-- flash      0x10000000 0x10200000  2097152
   0.002 <-- sram       0x20000000 0x20042000   270336
   0.002 <-- rom        0x00000000 0x00004000    16384
   0.003 <-- image      0x10000000 0x100082cc    33484
   0.003 <-- free       0x100082cc 0x10200000  2063668
   0.003 <-- boot2      0x10000000 0x10000100      256
   0.004 <-- text       0x10000100 0x1000734c    29260
   0.004 <-- data flash 0x1000734c 0x100082cc     3968
   0.005 <-- data ram   0x200000c0 0x20001040     3968
   0.005 <-- bss        0x20001040 0x20001c7c     3132
   0.005 <-- heap       0x20001c7c 0x20040000   254852
   0.006 <-- stack      0x20041800 0x20042000     2048
   0.006 <-- total
   0.006 <-- flash image       33484 = boot2 256 + text 29260 + data 3968
   0.007 <-- flash free    2063668 of 2097152
   0.007 <-- ram used           7100 = data 3968 + bss 3132
   0.008 <-- ram free         254852 for heap and 2048 for stack
итог: отправлено команд 1, принято строк 20
