задание: 2.1.4
проект: 211-command-usb
устройство: 2e8a:000a
серийный номер: E66118C4E35B702B
порт: COM3
начало: 2026-10-02T02:21:53
   0.000 --> fw_info
   0.000 <-- fw_info
   0.001 <-- dbg read_line:109 got fw_info
   0.001 <-- object           address    value
   0.002 <-- main             0x10000329 0xb5f0
   0.002 <-- fw_info          0x100005d5 0x4b3e
   0.002 <-- commands         0x10007a38
   0.002 <-- - enable         0x10007a3c
   0.003 <-- - disable        0x10007a44
   0.003 <-- - info           0x10007a4c
   0.003 <-- - version        0x10007a54
   0.003 <-- - ping           0x10007a5c
   0.004 <-- - mem_info       0x10007a64
   0.004 <-- - fw_info        0x10007a6c
   0.004 <-- DEVICE_PROJECT   0x10007570 211-command-usb
   0.004 <-- DEVICE_BOARD     0x100075c8 pico
   0.005 <-- data_variable    0x20000f58 102
   0.005 <-- bss_variable     0x20001e40 2
   0.005 <-- stack_variable   0x20041f9c 1946
   0.006 <-- heap_variable    0x20002338 1951
   2.028 --> fw_info
   2.029 <-- fw_info
   2.030 <-- dbg read_line:109 got fw_info
   2.031 <-- object           address    value
   2.031 <-- main             0x10000329 0xb5f0
   2.032 <-- fw_info          0x100005d5 0x4b3e
   2.032 <-- commands         0x10007a38
   2.033 <-- - enable         0x10007a3c
   2.033 <-- - disable        0x10007a44
   2.033 <-- - info           0x10007a4c
   2.034 <-- - version        0x10007a54
   2.034 <-- - ping           0x10007a5c
   2.034 <-- - mem_info       0x10007a64
   2.034 <-- - fw_info        0x10007a6c
   2.035 <-- DEVICE_PROJECT   0x10007570 211-command-usb
   2.035 <-- DEVICE_BOARD     0x100075c8 pico
   2.035 <-- data_variable    0x20000f58 103
   2.036 <-- bss_variable     0x20001e40 3
   2.036 <-- stack_variable   0x20041f9c 1946
   2.036 <-- heap_variable    0x20002338 1951
   4.057 --> fw_info
   4.057 <-- fw_info
   4.059 <-- dbg read_line:109 got fw_info
   4.059 <-- object           address    value
   4.060 <-- main             0x10000329 0xb5f0
   4.061 <-- fw_info          0x100005d5 0x4b3e
   4.061 <-- commands         0x10007a38
   4.061 <-- - enable         0x10007a3c
   4.062 <-- - disable        0x10007a44
   4.062 <-- - info           0x10007a4c
   4.063 <-- - version        0x10007a54
   4.063 <-- - ping           0x10007a5c
   4.063 <-- - mem_info       0x10007a64
   4.063 <-- - fw_info        0x10007a6c
   4.064 <-- DEVICE_PROJECT   0x10007570 211-command-usb
   4.064 <-- DEVICE_BOARD     0x100075c8 pico
   4.064 <-- data_variable    0x20000f58 104
   4.065 <-- bss_variable     0x20001e40 4
   4.065 <-- stack_variable   0x20041f9c 1946
   4.065 <-- heap_variable    0x20002338 1951
итог: отправлено команд 3, принято строк 57
